**********************
Windows PowerShell transcript start
Start time: 20260702011612
Username: 别摸🐟快学习\10359
RunAs User: 别摸🐟快学习\10359
Configuration Name: 
Machine: 别摸🐟快学习 (Microsoft Windows NT 10.0.26200.0)
Host Application: C:\Windows\System32\WindowsPowerShell\v1.0\powershell.exe -NoProfile -ExecutionPolicy Bypass -File scripts/07_run_wechat_auto_route_refined.ps1
Process ID: 31520
PSVersion: 5.1.26100.8655
PSEdition: Desktop
PSCompatibleVersions: 1.0, 2.0, 3.0, 4.0, 5.0, 5.1.26100.8655
BuildVersion: 10.0.26100.8655
CLRVersion: 4.0.30319.42000
WSManStackVersion: 3.0
PSRemotingProtocolVersion: 2.3
SerializationVersion: 1.1.0.1
**********************
Transcript started, output file is E:\5-newplanet\new planet\result\2026-07-02_011612_wechat_auto_route_run.log
[2026-07-02 01:16:12] WeChat auto route started
Log: E:\5-newplanet\new planet\result\2026-07-02_011612_wechat_auto_route_run.log



Run manifest: E:\5-newplanet\new planet\result\2026-07-02_011612_wechat_raw_auto_route_manifest.csv
[2026-07-02 01:16:13] WeChat auto route completed
**********************
Windows PowerShell transcript end
End time: 20260702011613
**********************
